0 verbose cli /opt/homebrew/Cellar/node/26.4.0/bin/node /opt/homebrew/bin/npm
1 info using npm@11.17.0
2 info using node@v26.4.0
3 silly config load:file:/opt/homebrew/lib/node_modules/npm/npmrc
4 silly config load:file:/Users/ryan/Desktop/AI手链项目/telos-demo_副本/dsh-niu-lai/.npmrc
5 silly config load:file:/Users/ryan/.npmrc
6 silly config load:file:/opt/homebrew/etc/npmrc
7 verbose title npm install
8 verbose argv "install" "--cache" "/Users/ryan/Desktop/AI手链项目/telos-demo_副本/dsh-niu-lai/.npm-cache" "--no-audit" "--no-fund"
9 verbose logfile logs-max:10 dir:/Users/ryan/Desktop/AI手链项目/telos-demo_副本/dsh-niu-lai/.npm-cache/_logs/2026-08-17T03_55_06_263Z-
10 verbose logfile /Users/ryan/Desktop/AI手链项目/telos-demo_副本/dsh-niu-lai/.npm-cache/_logs/2026-08-17T03_55_06_263Z-debug-0.log
11 warn Unknown env config "manage-package-manager-versions". This will stop working in the next major version of npm. See `npm help npmrc` for supported config options.
12 silly logfile done cleaning log files
13 silly packumentCache heap:4395630592 maxSize:1098907648 maxEntrySize:549453824
14 silly idealTree buildDeps
15 silly fetch manifest lightningcss@^1.29.0
16 silly packumentCache full:https://registry.npmjs.org/lightningcss cache-miss
17 http fetch GET 200 https://registry.npmjs.org/lightningcss 177ms (cache miss)
18 silly packumentCache full:https://registry.npmjs.org/lightningcss set size:undefined disposed:false
19 silly fetch manifest tsdown@^0.22.0
20 silly packumentCache full:https://registry.npmjs.org/tsdown cache-miss
21 http fetch GET 200 https://registry.npmjs.org/tsdown 82ms (cache miss)
22 silly packumentCache full:https://registry.npmjs.org/tsdown set size:undefined disposed:false
23 silly fetch manifest @arethetypeswrong/core@^0.18.1
24 silly packumentCache full:https://registry.npmjs.org/@arethetypeswrong%2fcore cache-miss
25 http fetch GET 200 https://registry.npmjs.org/npm 296ms
26 http fetch GET 200 https://registry.npmjs.org/@arethetypeswrong%2fcore 73ms (cache miss)
27 silly packumentCache full:https://registry.npmjs.org/@arethetypeswrong%2fcore set size:undefined disposed:false
28 silly fetch manifest @tsdown/css@0.22.14
29 silly packumentCache full:https://registry.npmjs.org/@tsdown%2fcss cache-miss
30 http fetch GET 200 https://registry.npmjs.org/@tsdown%2fcss 73ms (cache miss)
31 silly packumentCache full:https://registry.npmjs.org/@tsdown%2fcss set size:undefined disposed:false
32 silly fetch manifest postcss@^8.4.0
33 silly packumentCache full:https://registry.npmjs.org/postcss cache-miss
34 http fetch GET 200 https://registry.npmjs.org/postcss 100ms (cache miss)
35 silly packumentCache full:https://registry.npmjs.org/postcss set size:undefined disposed:false
36 silly fetch manifest postcss-import@^16.0.0
37 silly packumentCache full:https://registry.npmjs.org/postcss-import cache-miss
38 http fetch GET 200 https://registry.npmjs.org/postcss-import 55ms (cache miss)
39 silly packumentCache full:https://registry.npmjs.org/postcss-import set size:undefined disposed:false
40 silly fetch manifest postcss-modules@^6.0.0
41 silly packumentCache full:https://registry.npmjs.org/postcss-modules cache-miss
42 http fetch GET 200 https://registry.npmjs.org/postcss-modules 61ms (cache miss)
43 silly packumentCache full:https://registry.npmjs.org/postcss-modules set size:undefined disposed:false
44 silly fetch manifest sass@*
45 silly packumentCache full:https://registry.npmjs.org/sass cache-miss
46 http fetch GET 200 https://registry.npmjs.org/sass 76ms (cache miss)
47 silly packumentCache full:https://registry.npmjs.org/sass set size:undefined disposed:false
48 silly fetch manifest sass-embedded@*
49 silly packumentCache full:https://registry.npmjs.org/sass-embedded cache-miss
50 http fetch GET 200 https://registry.npmjs.org/sass-embedded 76ms (cache miss)
51 silly packumentCache full:https://registry.npmjs.org/sass-embedded set size:undefined disposed:false
52 silly fetch manifest @tsdown/exe@0.22.14
53 silly packumentCache full:https://registry.npmjs.org/@tsdown%2fexe cache-miss
54 http fetch GET 200 https://registry.npmjs.org/@tsdown%2fexe 224ms (cache miss)
55 silly packumentCache full:https://registry.npmjs.org/@tsdown%2fexe set size:undefined disposed:false
56 silly fetch manifest @vitejs/devtools@*
57 silly packumentCache full:https://registry.npmjs.org/@vitejs%2fdevtools cache-miss
58 http fetch GET 200 https://registry.npmjs.org/@vitejs%2fdevtools 78ms (cache miss)
59 silly packumentCache full:https://registry.npmjs.org/@vitejs%2fdevtools set size:undefined disposed:false
60 silly fetch manifest @vitejs/devtools-oxc@^0.4.12
61 silly packumentCache full:https://registry.npmjs.org/@vitejs%2fdevtools-oxc cache-miss
62 http fetch GET 200 https://registry.npmjs.org/@vitejs%2fdevtools-oxc 56ms (cache miss)
63 silly packumentCache full:https://registry.npmjs.org/@vitejs%2fdevtools-oxc set size:undefined disposed:false
64 silly fetch manifest @vitejs/devtools-rolldown@^0.4.12
65 silly packumentCache full:https://registry.npmjs.org/@vitejs%2fdevtools-rolldown cache-miss
66 http fetch GET 200 https://registry.npmjs.org/@vitejs%2fdevtools-rolldown 79ms (cache miss)
67 silly packumentCache full:https://registry.npmjs.org/@vitejs%2fdevtools-rolldown set size:undefined disposed:false
68 silly fetch manifest @vitejs/devtools-vite@^0.4.12
69 silly packumentCache full:https://registry.npmjs.org/@vitejs%2fdevtools-vite cache-miss
70 http fetch GET 200 https://registry.npmjs.org/@vitejs%2fdevtools-vite 64ms (cache miss)
71 silly packumentCache full:https://registry.npmjs.org/@vitejs%2fdevtools-vite set size:undefined disposed:false
72 silly fetch manifest vite@*
73 silly packumentCache full:https://registry.npmjs.org/vite cache-miss
74 http fetch GET 200 https://registry.npmjs.org/vite 1662ms (cache miss)
75 silly packumentCache full:https://registry.npmjs.org/vite set size:undefined disposed:false
76 silly fetch manifest @types/node@^20.19.0 || >=22.12.0
77 silly packumentCache full:https://registry.npmjs.org/@types%2fnode cache-miss
78 http fetch GET 200 https://registry.npmjs.org/@types%2fnode 234ms (cache miss)
79 silly packumentCache full:https://registry.npmjs.org/@types%2fnode set size:undefined disposed:false
80 silly fetch manifest esbuild@^0.27.0 || ^0.28.0
81 silly packumentCache full:https://registry.npmjs.org/esbuild cache-miss
82 http fetch GET 200 https://registry.npmjs.org/esbuild 122ms (cache miss)
83 silly packumentCache full:https://registry.npmjs.org/esbuild set size:undefined disposed:false
84 silly fetch manifest jiti@>=1.21.0
85 silly packumentCache full:https://registry.npmjs.org/jiti cache-miss
86 http fetch GET 200 https://registry.npmjs.org/jiti 57ms (cache miss)
87 silly packumentCache full:https://registry.npmjs.org/jiti set size:undefined disposed:false
88 silly fetch manifest less@^4.0.0
89 silly packumentCache full:https://registry.npmjs.org/less cache-miss
90 http fetch GET 200 https://registry.npmjs.org/less 65ms (cache miss)
91 silly packumentCache full:https://registry.npmjs.org/less set size:undefined disposed:false
92 silly fetch manifest stylus@>=0.54.8
93 silly packumentCache full:https://registry.npmjs.org/stylus cache-miss
94 http fetch GET 200 https://registry.npmjs.org/stylus 51ms (cache miss)
95 silly packumentCache full:https://registry.npmjs.org/stylus set size:undefined disposed:false
96 silly fetch manifest sugarss@^5.0.0
97 silly packumentCache full:https://registry.npmjs.org/sugarss cache-miss
98 http fetch GET 200 https://registry.npmjs.org/sugarss 53ms (cache miss)
99 silly packumentCache full:https://registry.npmjs.org/sugarss set size:undefined disposed:false
100 silly fetch manifest terser@^5.16.0
101 silly packumentCache full:https://registry.npmjs.org/terser cache-miss
102 http fetch GET 200 https://registry.npmjs.org/terser 74ms (cache miss)
103 silly packumentCache full:https://registry.npmjs.org/terser set size:undefined disposed:false
104 silly fetch manifest tsx@^4.8.1
105 silly packumentCache full:https://registry.npmjs.org/tsx cache-miss
106 http fetch GET 200 https://registry.npmjs.org/tsx 62ms (cache miss)
107 silly packumentCache full:https://registry.npmjs.org/tsx set size:undefined disposed:false
108 silly fetch manifest yaml@^2.4.2
109 silly packumentCache full:https://registry.npmjs.org/yaml cache-miss
110 http fetch GET 200 https://registry.npmjs.org/yaml 56ms (cache miss)
111 silly packumentCache full:https://registry.npmjs.org/yaml set size:undefined disposed:false
112 silly fetch manifest @vitejs/devtools-vitest@^0.4.12
113 silly packumentCache full:https://registry.npmjs.org/@vitejs%2fdevtools-vitest cache-miss
114 http fetch GET 200 https://registry.npmjs.org/@vitejs%2fdevtools-vitest 70ms (cache miss)
115 silly packumentCache full:https://registry.npmjs.org/@vitejs%2fdevtools-vitest set size:undefined disposed:false
116 silly fetch manifest vitest@*
117 silly packumentCache full:https://registry.npmjs.org/vitest cache-miss
118 http fetch GET 200 https://registry.npmjs.org/vitest 95ms (cache miss)
119 silly packumentCache full:https://registry.npmjs.org/vitest set size:undefined disposed:false
120 silly fetch manifest @edge-runtime/vm@*
121 silly packumentCache full:https://registry.npmjs.org/@edge-runtime%2fvm cache-miss
122 http fetch GET 200 https://registry.npmjs.org/@edge-runtime%2fvm 85ms (cache miss)
123 silly packumentCache full:https://registry.npmjs.org/@edge-runtime%2fvm set size:undefined disposed:false
124 silly fetch manifest @opentelemetry/api@^1.9.0
125 silly packumentCache full:https://registry.npmjs.org/@opentelemetry%2fapi cache-miss
126 http fetch GET 200 https://registry.npmjs.org/@opentelemetry%2fapi 69ms (cache miss)
127 silly packumentCache full:https://registry.npmjs.org/@opentelemetry%2fapi set size:undefined disposed:false
128 silly fetch manifest @vitest/browser-playwright@4.1.10
129 silly packumentCache full:https://registry.npmjs.org/@vitest%2fbrowser-playwright cache-miss
130 http fetch GET 200 https://registry.npmjs.org/@vitest%2fbrowser-playwright 73ms (cache miss)
131 silly packumentCache full:https://registry.npmjs.org/@vitest%2fbrowser-playwright set size:undefined disposed:false
132 silly fetch manifest playwright@*
133 silly packumentCache full:https://registry.npmjs.org/playwright cache-miss
134 http fetch GET 200 https://registry.npmjs.org/playwright 391ms (cache miss)
135 silly packumentCache full:https://registry.npmjs.org/playwright set size:undefined disposed:false
136 silly fetch manifest @vitest/browser-preview@4.1.10
137 silly packumentCache full:https://registry.npmjs.org/@vitest%2fbrowser-preview cache-miss
138 http fetch GET 200 https://registry.npmjs.org/@vitest%2fbrowser-preview 82ms (cache miss)
139 silly packumentCache full:https://registry.npmjs.org/@vitest%2fbrowser-preview set size:undefined disposed:false
140 silly fetch manifest @vitest/browser-webdriverio@4.1.10
141 silly packumentCache full:https://registry.npmjs.org/@vitest%2fbrowser-webdriverio cache-miss
142 http fetch GET 200 https://registry.npmjs.org/@vitest%2fbrowser-webdriverio 66ms (cache miss)
143 silly packumentCache full:https://registry.npmjs.org/@vitest%2fbrowser-webdriverio set size:undefined disposed:false
144 silly fetch manifest webdriverio@*
145 silly packumentCache full:https://registry.npmjs.org/webdriverio cache-miss
146 http fetch GET 200 https://registry.npmjs.org/webdriverio 142ms (cache miss)
147 silly packumentCache full:https://registry.npmjs.org/webdriverio set size:undefined disposed:false
148 silly fetch manifest puppeteer-core@>=22.x || <=24.x
149 silly packumentCache full:https://registry.npmjs.org/puppeteer-core cache-miss
150 http fetch GET 200 https://registry.npmjs.org/puppeteer-core 81ms (cache miss)
151 silly packumentCache full:https://registry.npmjs.org/puppeteer-core set size:undefined disposed:false
152 silly fetch manifest @vitest/coverage-istanbul@4.1.10
153 silly packumentCache full:https://registry.npmjs.org/@vitest%2fcoverage-istanbul cache-miss
154 http fetch GET 200 https://registry.npmjs.org/@vitest%2fcoverage-istanbul 90ms (cache miss)
155 silly packumentCache full:https://registry.npmjs.org/@vitest%2fcoverage-istanbul set size:undefined disposed:false
156 silly fetch manifest @vitest/coverage-v8@4.1.10
157 silly packumentCache full:https://registry.npmjs.org/@vitest%2fcoverage-v8 cache-miss
158 http fetch GET 200 https://registry.npmjs.org/@vitest%2fcoverage-v8 75ms (cache miss)
159 silly packumentCache full:https://registry.npmjs.org/@vitest%2fcoverage-v8 set size:undefined disposed:false
160 silly fetch manifest @vitest/browser@4.1.10
161 silly packumentCache full:https://registry.npmjs.org/@vitest%2fbrowser cache-miss
162 http fetch GET 200 https://registry.npmjs.org/@vitest%2fbrowser 94ms (cache miss)
163 silly packumentCache full:https://registry.npmjs.org/@vitest%2fbrowser set size:undefined disposed:false
164 silly fetch manifest @vitest/ui@4.1.10
165 silly packumentCache full:https://registry.npmjs.org/@vitest%2fui cache-miss
166 http fetch GET 200 https://registry.npmjs.org/@vitest%2fui 90ms (cache miss)
167 silly packumentCache full:https://registry.npmjs.org/@vitest%2fui set size:undefined disposed:false
168 silly fetch manifest happy-dom@*
169 silly packumentCache full:https://registry.npmjs.org/happy-dom cache-miss
170 http fetch GET 200 https://registry.npmjs.org/happy-dom 126ms (cache miss)
171 silly packumentCache full:https://registry.npmjs.org/happy-dom set size:undefined disposed:false
172 silly fetch manifest jsdom@*
173 silly packumentCache full:https://registry.npmjs.org/jsdom cache-miss
174 http fetch GET 200 https://registry.npmjs.org/jsdom 70ms (cache miss)
175 silly packumentCache full:https://registry.npmjs.org/jsdom set size:undefined disposed:false
176 silly fetch manifest canvas@^3.2.3
177 silly packumentCache full:https://registry.npmjs.org/canvas cache-miss
178 http fetch GET 200 https://registry.npmjs.org/canvas 68ms (cache miss)
179 silly packumentCache full:https://registry.npmjs.org/canvas set size:undefined disposed:false
180 silly fetch manifest publint@^0.3.8
181 silly packumentCache full:https://registry.npmjs.org/publint cache-miss
182 http fetch GET 200 https://registry.npmjs.org/publint 55ms (cache miss)
183 silly packumentCache full:https://registry.npmjs.org/publint set size:undefined disposed:false
184 silly fetch manifest typescript@^5.0.0 || ^6.0.0 || ^7.0.0
185 silly packumentCache full:https://registry.npmjs.org/typescript cache-miss
186 http fetch GET 200 https://registry.npmjs.org/typescript 362ms (cache miss)
187 silly packumentCache full:https://registry.npmjs.org/typescript set size:undefined disposed:false
188 silly fetch manifest unplugin-unused@^0.5.0
189 silly packumentCache full:https://registry.npmjs.org/unplugin-unused cache-miss
190 http fetch GET 200 https://registry.npmjs.org/unplugin-unused 55ms (cache miss)
191 silly packumentCache full:https://registry.npmjs.org/unplugin-unused set size:undefined disposed:false
192 silly fetch manifest unrun@*
193 silly packumentCache full:https://registry.npmjs.org/unrun cache-miss
194 http fetch GET 200 https://registry.npmjs.org/unrun 62ms (cache miss)
195 silly packumentCache full:https://registry.npmjs.org/unrun set size:undefined disposed:false
196 silly fetch manifest synckit@^0.11.11
197 silly packumentCache full:https://registry.npmjs.org/synckit cache-miss
198 http fetch GET 200 https://registry.npmjs.org/synckit 55ms (cache miss)
199 silly packumentCache full:https://registry.npmjs.org/synckit set size:undefined disposed:false
200 silly placeDep ROOT lightningcss@1.33.0 OK for: dsh-niu-lai@1.0.0 want: ^1.29.0
201 silly placeDep ROOT tsdown@0.22.14 OK for: dsh-niu-lai@1.0.0 want: ^0.22.0
202 silly fetch manifest detect-libc@^2.0.3
203 silly packumentCache full:https://registry.npmjs.org/detect-libc cache-miss
204 silly fetch manifest lightningcss-darwin-x64@1.33.0
205 silly packumentCache full:https://registry.npmjs.org/lightningcss-darwin-x64 cache-miss
206 silly fetch manifest lightningcss-linux-x64-gnu@1.33.0
207 silly packumentCache full:https://registry.npmjs.org/lightningcss-linux-x64-gnu cache-miss
208 silly fetch manifest lightningcss-win32-x64-msvc@1.33.0
209 silly packumentCache full:https://registry.npmjs.org/lightningcss-win32-x64-msvc cache-miss
210 silly fetch manifest lightningcss-win32-arm64-msvc@1.33.0
211 silly packumentCache full:https://registry.npmjs.org/lightningcss-win32-arm64-msvc cache-miss
212 silly fetch manifest lightningcss-darwin-arm64@1.33.0
213 silly packumentCache full:https://registry.npmjs.org/lightningcss-darwin-arm64 cache-miss
214 silly fetch manifest lightningcss-linux-arm64-gnu@1.33.0
215 silly packumentCache full:https://registry.npmjs.org/lightningcss-linux-arm64-gnu cache-miss
216 silly fetch manifest lightningcss-linux-arm-gnueabihf@1.33.0
217 silly packumentCache full:https://registry.npmjs.org/lightningcss-linux-arm-gnueabihf cache-miss
218 silly fetch manifest lightningcss-linux-arm64-musl@1.33.0
219 silly packumentCache full:https://registry.npmjs.org/lightningcss-linux-arm64-musl cache-miss
220 http fetch GET 200 https://registry.npmjs.org/lightningcss-darwin-x64 59ms (cache miss)
221 silly packumentCache full:https://registry.npmjs.org/lightningcss-darwin-x64 set size:undefined disposed:false
222 silly fetch manifest lightningcss-linux-x64-musl@1.33.0
223 silly packumentCache full:https://registry.npmjs.org/lightningcss-linux-x64-musl cache-miss
224 http fetch GET 200 https://registry.npmjs.org/detect-libc 62ms (cache miss)
225 silly packumentCache full:https://registry.npmjs.org/detect-libc set size:undefined disposed:false
226 silly fetch manifest lightningcss-freebsd-x64@1.33.0
227 silly packumentCache full:https://registry.npmjs.org/lightningcss-freebsd-x64 cache-miss
228 http fetch GET 200 https://registry.npmjs.org/lightningcss-linux-x64-musl 54ms (cache miss)
229 silly packumentCache full:https://registry.npmjs.org/lightningcss-linux-x64-musl set size:undefined disposed:false
230 silly fetch manifest lightningcss-android-arm64@1.33.0
231 silly packumentCache full:https://registry.npmjs.org/lightningcss-android-arm64 cache-miss
232 http fetch GET 200 https://registry.npmjs.org/lightningcss-freebsd-x64 62ms (cache miss)
233 silly packumentCache full:https://registry.npmjs.org/lightningcss-freebsd-x64 set size:undefined disposed:false
234 silly fetch manifest cac@^7.0.0
235 silly packumentCache full:https://registry.npmjs.org/cac cache-miss
236 http fetch GET 200 https://registry.npmjs.org/lightningcss-android-arm64 51ms (cache miss)
237 silly packumentCache full:https://registry.npmjs.org/lightningcss-android-arm64 set size:undefined disposed:false
238 silly fetch manifest defu@^6.1.7
239 silly packumentCache full:https://registry.npmjs.org/defu cache-miss
240 http fetch GET 200 https://registry.npmjs.org/lightningcss-linux-x64-gnu 169ms (cache miss)
241 silly packumentCache full:https://registry.npmjs.org/lightningcss-linux-x64-gnu set size:undefined disposed:false
242 silly fetch manifest obug@^2.1.4
243 silly packumentCache full:https://registry.npmjs.org/obug cache-miss
244 http fetch GET 200 https://registry.npmjs.org/lightningcss-win32-x64-msvc 178ms (cache miss)
245 silly packumentCache full:https://registry.npmjs.org/lightningcss-win32-x64-msvc set size:undefined disposed:false
246 silly fetch manifest ansis@^4.3.1
247 silly packumentCache full:https://registry.npmjs.org/ansis cache-miss
248 http fetch GET 200 https://registry.npmjs.org/lightningcss-win32-arm64-msvc 187ms (cache miss)
249 silly packumentCache full:https://registry.npmjs.org/lightningcss-win32-arm64-msvc set size:undefined disposed:false
250 silly fetch manifest verkit@^0.3.0
251 silly packumentCache full:https://registry.npmjs.org/verkit cache-miss
252 http fetch GET 200 https://registry.npmjs.org/lightningcss-linux-arm64-gnu 196ms (cache miss)
253 silly packumentCache full:https://registry.npmjs.org/lightningcss-linux-arm64-gnu set size:undefined disposed:false
254 silly fetch manifest empathic@^2.0.1
255 silly packumentCache full:https://registry.npmjs.org/empathic cache-miss
256 http fetch GET 200 https://registry.npmjs.org/lightningcss-linux-arm-gnueabihf 199ms (cache miss)
257 silly packumentCache full:https://registry.npmjs.org/lightningcss-linux-arm-gnueabihf set size:undefined disposed:false
258 silly fetch manifest hookable@^6.1.1
259 silly packumentCache full:https://registry.npmjs.org/hookable cache-miss
260 http fetch GET 200 https://registry.npmjs.org/lightningcss-linux-arm64-musl 201ms (cache miss)
261 silly packumentCache full:https://registry.npmjs.org/lightningcss-linux-arm64-musl set size:undefined disposed:false
262 silly fetch manifest rolldown@~1.2.0
263 silly packumentCache full:https://registry.npmjs.org/rolldown cache-miss
264 http fetch GET 200 https://registry.npmjs.org/lightningcss-darwin-arm64 204ms (cache miss)
265 silly packumentCache full:https://registry.npmjs.org/lightningcss-darwin-arm64 set size:undefined disposed:false
266 silly fetch manifest tinyexec@^1.2.4
267 silly packumentCache full:https://registry.npmjs.org/tinyexec cache-miss
268 http fetch GET 200 https://registry.npmjs.org/cac 82ms (cache miss)
269 silly packumentCache full:https://registry.npmjs.org/cac set size:undefined disposed:false
270 silly fetch manifest picomatch@^4.0.5
271 silly packumentCache full:https://registry.npmjs.org/picomatch cache-miss
272 http fetch GET 200 https://registry.npmjs.org/obug 53ms (cache miss)
273 silly packumentCache full:https://registry.npmjs.org/obug set size:undefined disposed:false
274 silly fetch manifest tree-kill@^1.2.2
275 silly packumentCache full:https://registry.npmjs.org/tree-kill cache-miss
276 http fetch GET 200 https://registry.npmjs.org/defu 59ms (cache miss)
277 silly packumentCache full:https://registry.npmjs.org/defu set size:undefined disposed:false
278 silly fetch manifest tinyglobby@^0.2.17
279 silly packumentCache full:https://registry.npmjs.org/tinyglobby cache-miss
280 http fetch GET 200 https://registry.npmjs.org/ansis 65ms (cache miss)
281 silly packumentCache full:https://registry.npmjs.org/ansis set size:undefined disposed:false
282 silly fetch manifest unconfig-core@^7.5.0
283 silly packumentCache full:https://registry.npmjs.org/unconfig-core cache-miss
284 http fetch GET 200 https://registry.npmjs.org/verkit 60ms (cache miss)
285 silly packumentCache full:https://registry.npmjs.org/verkit set size:undefined disposed:false
286 silly fetch manifest rolldown-plugin-dts@^0.27.13
287 silly packumentCache full:https://registry.npmjs.org/rolldown-plugin-dts cache-miss
288 http fetch GET 200 https://registry.npmjs.org/empathic 63ms (cache miss)
289 silly packumentCache full:https://registry.npmjs.org/empathic set size:undefined disposed:false
290 silly fetch manifest import-without-cache@^0.4.0
291 silly packumentCache full:https://registry.npmjs.org/import-without-cache cache-miss
292 http fetch GET 200 https://registry.npmjs.org/hookable 62ms (cache miss)
293 silly packumentCache full:https://registry.npmjs.org/hookable set size:undefined disposed:false
294 http fetch GET 200 https://registry.npmjs.org/tinyexec 60ms (cache miss)
295 silly packumentCache full:https://registry.npmjs.org/tinyexec set size:undefined disposed:false
296 http fetch GET 200 https://registry.npmjs.org/picomatch 57ms (cache miss)
297 silly packumentCache full:https://registry.npmjs.org/picomatch set size:undefined disposed:false
298 http fetch GET 200 https://registry.npmjs.org/tree-kill 51ms (cache miss)
299 silly packumentCache full:https://registry.npmjs.org/tree-kill set size:undefined disposed:false
300 http fetch GET 200 https://registry.npmjs.org/tinyglobby 55ms (cache miss)
301 silly packumentCache full:https://registry.npmjs.org/tinyglobby set size:undefined disposed:false
302 http fetch GET 200 https://registry.npmjs.org/unconfig-core 54ms (cache miss)
303 silly packumentCache full:https://registry.npmjs.org/unconfig-core set size:undefined disposed:false
304 http fetch GET 200 https://registry.npmjs.org/import-without-cache 56ms (cache miss)
305 silly packumentCache full:https://registry.npmjs.org/import-without-cache set size:undefined disposed:false
306 http fetch GET 200 https://registry.npmjs.org/rolldown-plugin-dts 84ms (cache miss)
307 silly packumentCache full:https://registry.npmjs.org/rolldown-plugin-dts set size:undefined disposed:false
308 http fetch GET 200 https://registry.npmjs.org/rolldown 171ms (cache miss)
309 silly packumentCache full:https://registry.npmjs.org/rolldown set size:undefined disposed:false
310 silly placeDep ROOT detect-libc@2.1.2 OK for: lightningcss@1.33.0 want: ^2.0.3
311 silly placeDep ROOT lightningcss-android-arm64@1.33.0 OK for: lightningcss@1.33.0 want: 1.33.0
312 silly placeDep ROOT lightningcss-darwin-arm64@1.33.0 OK for: lightningcss@1.33.0 want: 1.33.0
313 silly placeDep ROOT lightningcss-darwin-x64@1.33.0 OK for: lightningcss@1.33.0 want: 1.33.0
314 silly placeDep ROOT lightningcss-freebsd-x64@1.33.0 OK for: lightningcss@1.33.0 want: 1.33.0
315 silly placeDep ROOT lightningcss-linux-arm-gnueabihf@1.33.0 OK for: lightningcss@1.33.0 want: 1.33.0
316 silly placeDep ROOT lightningcss-linux-arm64-gnu@1.33.0 OK for: lightningcss@1.33.0 want: 1.33.0
317 silly placeDep ROOT lightningcss-linux-arm64-musl@1.33.0 OK for: lightningcss@1.33.0 want: 1.33.0
318 silly placeDep ROOT lightningcss-linux-x64-gnu@1.33.0 OK for: lightningcss@1.33.0 want: 1.33.0
319 silly placeDep ROOT lightningcss-linux-x64-musl@1.33.0 OK for: lightningcss@1.33.0 want: 1.33.0
320 silly placeDep ROOT lightningcss-win32-arm64-msvc@1.33.0 OK for: lightningcss@1.33.0 want: 1.33.0
321 silly placeDep ROOT lightningcss-win32-x64-msvc@1.33.0 OK for: lightningcss@1.33.0 want: 1.33.0
322 silly fetch manifest @typescript/native-preview@*
323 silly packumentCache full:https://registry.npmjs.org/@typescript%2fnative-preview cache-miss
324 http fetch GET 200 https://registry.npmjs.org/@typescript%2fnative-preview 96ms (cache miss)
325 silly packumentCache full:https://registry.npmjs.org/@typescript%2fnative-preview set size:undefined disposed:false
326 silly fetch manifest @volar/typescript@~2.4.0
327 silly packumentCache full:https://registry.npmjs.org/@volar%2ftypescript cache-miss
328 http fetch GET 200 https://registry.npmjs.org/@volar%2ftypescript 130ms (cache miss)
329 silly packumentCache full:https://registry.npmjs.org/@volar%2ftypescript set size:undefined disposed:false
330 silly fetch manifest vue-tsc@~3.2.0 || ~3.3.0
331 silly packumentCache full:https://registry.npmjs.org/vue-tsc cache-miss
332 http fetch GET 200 https://registry.npmjs.org/vue-tsc 101ms (cache miss)
333 silly packumentCache full:https://registry.npmjs.org/vue-tsc set size:undefined disposed:false
334 silly placeDep ROOT ansis@4.3.1 OK for: tsdown@0.22.14 want: ^4.3.1
335 silly placeDep ROOT cac@7.0.0 OK for: tsdown@0.22.14 want: ^7.0.0
336 silly placeDep ROOT defu@6.1.7 OK for: tsdown@0.22.14 want: ^6.1.7
337 silly placeDep ROOT empathic@2.0.1 OK for: tsdown@0.22.14 want: ^2.0.1
338 silly placeDep ROOT hookable@6.1.1 OK for: tsdown@0.22.14 want: ^6.1.1
339 silly placeDep ROOT import-without-cache@0.4.0 OK for: tsdown@0.22.14 want: ^0.4.0
340 silly placeDep ROOT obug@2.1.4 OK for: tsdown@0.22.14 want: ^2.1.4
341 silly placeDep ROOT picomatch@4.0.5 OK for: tsdown@0.22.14 want: ^4.0.5
342 silly placeDep ROOT rolldown@1.2.4 OK for: tsdown@0.22.14 want: ~1.2.0
343 silly placeDep ROOT rolldown-plugin-dts@0.27.14 OK for: tsdown@0.22.14 want: ^0.27.13
344 silly placeDep ROOT tinyexec@1.3.0 OK for: tsdown@0.22.14 want: ^1.2.4
345 silly placeDep ROOT tinyglobby@0.2.17 OK for: tsdown@0.22.14 want: ^0.2.17
346 silly placeDep ROOT tree-kill@1.2.2 OK for: tsdown@0.22.14 want: ^1.2.2
347 silly placeDep ROOT unconfig-core@7.5.0 OK for: tsdown@0.22.14 want: ^7.5.0
348 silly placeDep ROOT verkit@0.3.2 OK for: tsdown@0.22.14 want: ^0.3.0
349 silly fetch manifest @oxc-project/types@=0.144.0
350 silly packumentCache full:https://registry.npmjs.org/@oxc-project%2ftypes cache-miss
351 silly fetch manifest @rolldown/pluginutils@^1.0.0
352 silly packumentCache full:https://registry.npmjs.org/@rolldown%2fpluginutils cache-miss
353 silly fetch manifest @rolldown/binding-darwin-x64@1.2.4
354 silly packumentCache full:https://registry.npmjs.org/@rolldown%2fbinding-darwin-x64 cache-miss
355 silly fetch manifest @rolldown/binding-freebsd-x64@1.2.4
356 silly packumentCache full:https://registry.npmjs.org/@rolldown%2fbinding-freebsd-x64 cache-miss
357 silly fetch manifest @rolldown/binding-darwin-arm64@1.2.4
358 silly packumentCache full:https://registry.npmjs.org/@rolldown%2fbinding-darwin-arm64 cache-miss
359 silly fetch manifest @rolldown/binding-android-arm64@1.2.4
360 silly packumentCache full:https://registry.npmjs.org/@rolldown%2fbinding-android-arm64 cache-miss
361 silly fetch manifest @rolldown/binding-linux-x64-gnu@1.2.4
362 silly packumentCache full:https://registry.npmjs.org/@rolldown%2fbinding-linux-x64-gnu cache-miss
363 silly fetch manifest @rolldown/binding-linux-x64-musl@1.2.4
364 silly packumentCache full:https://registry.npmjs.org/@rolldown%2fbinding-linux-x64-musl cache-miss
365 silly fetch manifest @rolldown/binding-win32-x64-msvc@1.2.4
366 silly packumentCache full:https://registry.npmjs.org/@rolldown%2fbinding-win32-x64-msvc cache-miss
367 http fetch GET 200 https://registry.npmjs.org/@rolldown%2fbinding-android-arm64 73ms (cache miss)
368 silly packumentCache full:https://registry.npmjs.org/@rolldown%2fbinding-android-arm64 set size:undefined disposed:false
369 silly fetch manifest @rolldown/binding-linux-arm64-gnu@1.2.4
370 silly packumentCache full:https://registry.npmjs.org/@rolldown%2fbinding-linux-arm64-gnu cache-miss
371 http fetch GET 200 https://registry.npmjs.org/@oxc-project%2ftypes 95ms (cache miss)
372 silly packumentCache full:https://registry.npmjs.org/@oxc-project%2ftypes set size:undefined disposed:false
373 silly fetch manifest @rolldown/binding-linux-ppc64-gnu@1.2.4
374 silly packumentCache full:https://registry.npmjs.org/@rolldown%2fbinding-linux-ppc64-gnu cache-miss
375 http fetch GET 200 https://registry.npmjs.org/@rolldown%2fpluginutils 98ms (cache miss)
376 silly packumentCache full:https://registry.npmjs.org/@rolldown%2fpluginutils set size:undefined disposed:false
377 silly fetch manifest @rolldown/binding-linux-s390x-gnu@1.2.4
378 silly packumentCache full:https://registry.npmjs.org/@rolldown%2fbinding-linux-s390x-gnu cache-miss
379 http fetch GET 200 https://registry.npmjs.org/@rolldown%2fbinding-linux-x64-gnu 120ms (cache miss)
380 silly packumentCache full:https://registry.npmjs.org/@rolldown%2fbinding-linux-x64-gnu set size:undefined disposed:false
381 silly fetch manifest @rolldown/binding-linux-arm64-musl@1.2.4
382 silly packumentCache full:https://registry.npmjs.org/@rolldown%2fbinding-linux-arm64-musl cache-miss
383 http fetch GET 200 https://registry.npmjs.org/@rolldown%2fbinding-win32-x64-msvc 127ms (cache miss)
384 silly packumentCache full:https://registry.npmjs.org/@rolldown%2fbinding-win32-x64-msvc set size:undefined disposed:false
385 silly fetch manifest @rolldown/binding-win32-arm64-msvc@1.2.4
386 silly packumentCache full:https://registry.npmjs.org/@rolldown%2fbinding-win32-arm64-msvc cache-miss
387 http fetch GET 200 https://registry.npmjs.org/@rolldown%2fbinding-linux-x64-musl 132ms (cache miss)
388 silly packumentCache full:https://registry.npmjs.org/@rolldown%2fbinding-linux-x64-musl set size:undefined disposed:false
389 silly fetch manifest @rolldown/binding-openharmony-arm64@1.2.4
390 silly packumentCache full:https://registry.npmjs.org/@rolldown%2fbinding-openharmony-arm64 cache-miss
391 http fetch GET 200 https://registry.npmjs.org/@rolldown%2fbinding-freebsd-x64 139ms (cache miss)
392 silly packumentCache full:https://registry.npmjs.org/@rolldown%2fbinding-freebsd-x64 set size:undefined disposed:false
393 silly fetch manifest @rolldown/binding-linux-arm-gnueabihf@1.2.4
394 silly packumentCache full:https://registry.npmjs.org/@rolldown%2fbinding-linux-arm-gnueabihf cache-miss
395 http fetch GET 200 https://registry.npmjs.org/@rolldown%2fbinding-darwin-x64 143ms (cache miss)
396 silly packumentCache full:https://registry.npmjs.org/@rolldown%2fbinding-darwin-x64 set size:undefined disposed:false
397 silly fetch manifest yuku-ast@^0.8.0
398 silly packumentCache full:https://registry.npmjs.org/yuku-ast cache-miss
399 http fetch GET 200 https://registry.npmjs.org/@rolldown%2fbinding-darwin-arm64 146ms (cache miss)
400 silly packumentCache full:https://registry.npmjs.org/@rolldown%2fbinding-darwin-arm64 set size:undefined disposed:false
401 silly fetch manifest yuku-parser@^0.8.0
402 silly packumentCache full:https://registry.npmjs.org/yuku-parser cache-miss
403 http fetch GET 200 https://registry.npmjs.org/@rolldown%2fbinding-linux-ppc64-gnu 61ms (cache miss)
404 silly packumentCache full:https://registry.npmjs.org/@rolldown%2fbinding-linux-ppc64-gnu set size:undefined disposed:false
405 silly fetch manifest dts-resolver@^3.0.0
406 silly packumentCache full:https://registry.npmjs.org/dts-resolver cache-miss
407 http fetch GET 200 https://registry.npmjs.org/@rolldown%2fbinding-linux-s390x-gnu 69ms (cache miss)
408 silly packumentCache full:https://registry.npmjs.org/@rolldown%2fbinding-linux-s390x-gnu set size:undefined disposed:false
409 silly fetch manifest get-tsconfig@5.0.0-beta.5
410 silly packumentCache full:https://registry.npmjs.org/get-tsconfig cache-miss
411 http fetch GET 200 https://registry.npmjs.org/@rolldown%2fbinding-linux-arm64-gnu 119ms (cache miss)
412 silly packumentCache full:https://registry.npmjs.org/@rolldown%2fbinding-linux-arm64-gnu set size:undefined disposed:false
413 silly fetch manifest yuku-codegen@^0.8.0
414 silly packumentCache full:https://registry.npmjs.org/yuku-codegen cache-miss
415 http fetch GET 200 https://registry.npmjs.org/yuku-ast 57ms (cache miss)
416 silly packumentCache full:https://registry.npmjs.org/yuku-ast set size:undefined disposed:false
417 silly fetch manifest fdir@^6.5.0
418 silly packumentCache full:https://registry.npmjs.org/fdir cache-miss
419 http fetch GET 200 https://registry.npmjs.org/@rolldown%2fbinding-openharmony-arm64 69ms (cache miss)
420 silly packumentCache full:https://registry.npmjs.org/@rolldown%2fbinding-openharmony-arm64 set size:undefined disposed:false
421 silly fetch manifest @quansync/fs@^1.0.0
422 silly packumentCache full:https://registry.npmjs.org/@quansync%2ffs cache-miss
423 http fetch GET 200 https://registry.npmjs.org/dts-resolver 52ms (cache miss)
424 silly packumentCache full:https://registry.npmjs.org/dts-resolver set size:undefined disposed:false
425 silly fetch manifest quansync@^1.0.0
426 silly packumentCache full:https://registry.npmjs.org/quansync cache-miss
427 http fetch GET 200 https://registry.npmjs.org/yuku-parser 63ms (cache miss)
428 silly packumentCache full:https://registry.npmjs.org/yuku-parser set size:undefined disposed:false
429 http fetch GET 200 https://registry.npmjs.org/get-tsconfig 63ms (cache miss)
430 silly packumentCache full:https://registry.npmjs.org/get-tsconfig set size:undefined disposed:false
431 http fetch GET 200 https://registry.npmjs.org/@rolldown%2fbinding-win32-arm64-msvc 109ms (cache miss)
432 silly packumentCache full:https://registry.npmjs.org/@rolldown%2fbinding-win32-arm64-msvc set size:undefined disposed:false
433 http fetch GET 200 https://registry.npmjs.org/yuku-codegen 52ms (cache miss)
434 silly packumentCache full:https://registry.npmjs.org/yuku-codegen set size:undefined disposed:false
435 http fetch GET 200 https://registry.npmjs.org/@rolldown%2fbinding-linux-arm64-musl 128ms (cache miss)
436 silly packumentCache full:https://registry.npmjs.org/@rolldown%2fbinding-linux-arm64-musl set size:undefined disposed:false
437 http fetch GET 200 https://registry.npmjs.org/fdir 54ms (cache miss)
438 silly packumentCache full:https://registry.npmjs.org/fdir set size:undefined disposed:false
439 http fetch GET 200 https://registry.npmjs.org/quansync 50ms (cache miss)
440 silly packumentCache full:https://registry.npmjs.org/quansync set size:undefined disposed:false
441 http fetch GET 200 https://registry.npmjs.org/@quansync%2ffs 61ms (cache miss)
442 silly packumentCache full:https://registry.npmjs.org/@quansync%2ffs set size:undefined disposed:false
443 http fetch GET 200 https://registry.npmjs.org/@rolldown%2fbinding-linux-arm-gnueabihf 216ms (cache miss)
444 silly packumentCache full:https://registry.npmjs.org/@rolldown%2fbinding-linux-arm-gnueabihf set size:undefined disposed:false
445 silly placeDep ROOT @oxc-project/types@0.144.0 OK for: rolldown@1.2.4 want: =0.144.0
446 silly placeDep ROOT @rolldown/binding-android-arm64@1.2.4 OK for: rolldown@1.2.4 want: 1.2.4
447 silly placeDep ROOT @rolldown/binding-darwin-arm64@1.2.4 OK for: rolldown@1.2.4 want: 1.2.4
448 silly placeDep ROOT @rolldown/binding-darwin-x64@1.2.4 OK for: rolldown@1.2.4 want: 1.2.4
449 silly placeDep ROOT @rolldown/binding-freebsd-x64@1.2.4 OK for: rolldown@1.2.4 want: 1.2.4
450 silly placeDep ROOT @rolldown/binding-linux-arm-gnueabihf@1.2.4 OK for: rolldown@1.2.4 want: 1.2.4
451 silly placeDep ROOT @rolldown/binding-linux-arm64-gnu@1.2.4 OK for: rolldown@1.2.4 want: 1.2.4
452 silly placeDep ROOT @rolldown/binding-linux-arm64-musl@1.2.4 OK for: rolldown@1.2.4 want: 1.2.4
453 silly placeDep ROOT @rolldown/binding-linux-ppc64-gnu@1.2.4 OK for: rolldown@1.2.4 want: 1.2.4
454 silly placeDep ROOT @rolldown/binding-linux-s390x-gnu@1.2.4 OK for: rolldown@1.2.4 want: 1.2.4
455 silly placeDep ROOT @rolldown/binding-linux-x64-gnu@1.2.4 OK for: rolldown@1.2.4 want: 1.2.4
456 silly placeDep ROOT @rolldown/binding-linux-x64-musl@1.2.4 OK for: rolldown@1.2.4 want: 1.2.4
457 silly placeDep ROOT @rolldown/binding-openharmony-arm64@1.2.4 OK for: rolldown@1.2.4 want: 1.2.4
458 silly placeDep ROOT @rolldown/binding-win32-arm64-msvc@1.2.4 OK for: rolldown@1.2.4 want: 1.2.4
459 silly placeDep ROOT @rolldown/binding-win32-x64-msvc@1.2.4 OK for: rolldown@1.2.4 want: 1.2.4
460 silly placeDep ROOT @rolldown/pluginutils@1.0.1 OK for: rolldown@1.2.4 want: ^1.0.0
461 silly fetch manifest oxc-resolver@>=11.0.0
462 silly packumentCache full:https://registry.npmjs.org/oxc-resolver cache-miss
463 http fetch GET 200 https://registry.npmjs.org/oxc-resolver 58ms (cache miss)
464 silly packumentCache full:https://registry.npmjs.org/oxc-resolver set size:undefined disposed:false
465 silly placeDep ROOT dts-resolver@3.0.0 OK for: rolldown-plugin-dts@0.27.14 want: ^3.0.0
466 silly placeDep ROOT get-tsconfig@5.0.0-beta.5 OK for: rolldown-plugin-dts@0.27.14 want: 5.0.0-beta.5
467 silly placeDep ROOT yuku-ast@0.8.7 OK for: rolldown-plugin-dts@0.27.14 want: ^0.8.0
468 silly placeDep ROOT yuku-codegen@0.8.7 OK for: rolldown-plugin-dts@0.27.14 want: ^0.8.0
469 silly placeDep ROOT yuku-parser@0.8.7 OK for: rolldown-plugin-dts@0.27.14 want: ^0.8.0
470 silly fetch manifest resolve-pkg-maps@^1.0.0
471 silly packumentCache full:https://registry.npmjs.org/resolve-pkg-maps cache-miss
472 silly fetch manifest @yuku-toolchain/types@^0.8.7
473 silly packumentCache full:https://registry.npmjs.org/@yuku-toolchain%2ftypes cache-miss
474 silly fetch manifest @yuku-toolchain/types@^0.8.7
475 silly packumentCache full:https://registry.npmjs.org/@yuku-toolchain%2ftypes cache-miss
476 silly fetch manifest @yuku-codegen/binding-win32-x64@0.8.7
477 silly packumentCache full:https://registry.npmjs.org/@yuku-codegen%2fbinding-win32-x64 cache-miss
478 silly fetch manifest @yuku-codegen/binding-darwin-x64@0.8.7
479 silly packumentCache full:https://registry.npmjs.org/@yuku-codegen%2fbinding-darwin-x64 cache-miss
480 silly fetch manifest @yuku-codegen/binding-freebsd-x64@0.8.7
481 silly packumentCache full:https://registry.npmjs.org/@yuku-codegen%2fbinding-freebsd-x64 cache-miss
482 silly fetch manifest @yuku-codegen/binding-win32-arm64@0.8.7
483 silly packumentCache full:https://registry.npmjs.org/@yuku-codegen%2fbinding-win32-arm64 cache-miss
484 silly fetch manifest @yuku-codegen/binding-darwin-arm64@0.8.7
485 silly packumentCache full:https://registry.npmjs.org/@yuku-codegen%2fbinding-darwin-arm64 cache-miss
486 silly fetch manifest @yuku-codegen/binding-android-arm64@0.8.7
487 silly packumentCache full:https://registry.npmjs.org/@yuku-codegen%2fbinding-android-arm64 cache-miss
488 http fetch GET 200 https://registry.npmjs.org/resolve-pkg-maps 47ms (cache miss)
489 silly packumentCache full:https://registry.npmjs.org/resolve-pkg-maps set size:undefined disposed:false
490 silly fetch manifest @yuku-codegen/binding-linux-arm-gnu@0.8.7
491 silly packumentCache full:https://registry.npmjs.org/@yuku-codegen%2fbinding-linux-arm-gnu cache-miss
492 http fetch GET 200 https://registry.npmjs.org/@yuku-codegen%2fbinding-darwin-arm64 72ms (cache miss)
493 silly packumentCache full:https://registry.npmjs.org/@yuku-codegen%2fbinding-darwin-arm64 set size:undefined disposed:false
494 silly fetch manifest @yuku-codegen/binding-linux-x64-gnu@0.8.7
495 silly packumentCache full:https://registry.npmjs.org/@yuku-codegen%2fbinding-linux-x64-gnu cache-miss
496 http fetch GET 200 https://registry.npmjs.org/@yuku-codegen%2fbinding-win32-arm64 76ms (cache miss)
497 silly packumentCache full:https://registry.npmjs.org/@yuku-codegen%2fbinding-win32-arm64 set size:undefined disposed:false
498 silly fetch manifest @yuku-codegen/binding-linux-arm-musl@0.8.7
499 silly packumentCache full:https://registry.npmjs.org/@yuku-codegen%2fbinding-linux-arm-musl cache-miss
500 http fetch GET 200 https://registry.npmjs.org/@yuku-toolchain%2ftypes 78ms (cache miss)
501 silly packumentCache full:https://registry.npmjs.org/@yuku-toolchain%2ftypes set size:undefined disposed:false
502 silly fetch manifest @yuku-codegen/binding-linux-x64-musl@0.8.7
503 silly packumentCache full:https://registry.npmjs.org/@yuku-codegen%2fbinding-linux-x64-musl cache-miss
504 http fetch GET 200 https://registry.npmjs.org/@yuku-codegen%2fbinding-win32-x64 81ms (cache miss)
505 silly packumentCache full:https://registry.npmjs.org/@yuku-codegen%2fbinding-win32-x64 set size:undefined disposed:false
506 silly fetch manifest @yuku-codegen/binding-linux-arm64-gnu@0.8.7
507 silly packumentCache full:https://registry.npmjs.org/@yuku-codegen%2fbinding-linux-arm64-gnu cache-miss
508 http fetch GET 200 https://registry.npmjs.org/@yuku-toolchain%2ftypes 83ms (cache miss)
509 silly packumentCache full:https://registry.npmjs.org/@yuku-toolchain%2ftypes set size:undefined disposed:false
510 silly fetch manifest @yuku-codegen/binding-linux-arm64-musl@0.8.7
511 silly packumentCache full:https://registry.npmjs.org/@yuku-codegen%2fbinding-linux-arm64-musl cache-miss
512 http fetch GET 200 https://registry.npmjs.org/@yuku-codegen%2fbinding-freebsd-x64 84ms (cache miss)
513 silly packumentCache full:https://registry.npmjs.org/@yuku-codegen%2fbinding-freebsd-x64 set size:undefined disposed:false
514 silly fetch manifest @yuku-parser/binding-win32-x64@0.8.7
515 silly packumentCache full:https://registry.npmjs.org/@yuku-parser%2fbinding-win32-x64 cache-miss
516 http fetch GET 200 https://registry.npmjs.org/@yuku-codegen%2fbinding-darwin-x64 85ms (cache miss)
517 silly packumentCache full:https://registry.npmjs.org/@yuku-codegen%2fbinding-darwin-x64 set size:undefined disposed:false
518 silly fetch manifest @yuku-parser/binding-darwin-x64@0.8.7
519 silly packumentCache full:https://registry.npmjs.org/@yuku-parser%2fbinding-darwin-x64 cache-miss
520 http fetch GET 200 https://registry.npmjs.org/@yuku-codegen%2fbinding-android-arm64 85ms (cache miss)
521 silly packumentCache full:https://registry.npmjs.org/@yuku-codegen%2fbinding-android-arm64 set size:undefined disposed:false
522 silly fetch manifest @yuku-parser/binding-freebsd-x64@0.8.7
523 silly packumentCache full:https://registry.npmjs.org/@yuku-parser%2fbinding-freebsd-x64 cache-miss
524 http fetch GET 200 https://registry.npmjs.org/@yuku-codegen%2fbinding-linux-arm-gnu 62ms (cache miss)
525 silly packumentCache full:https://registry.npmjs.org/@yuku-codegen%2fbinding-linux-arm-gnu set size:undefined disposed:false
526 silly fetch manifest @yuku-parser/binding-win32-arm64@0.8.7
527 silly packumentCache full:https://registry.npmjs.org/@yuku-parser%2fbinding-win32-arm64 cache-miss
528 http fetch GET 200 https://registry.npmjs.org/@yuku-codegen%2fbinding-linux-x64-gnu 67ms (cache miss)
529 silly packumentCache full:https://registry.npmjs.org/@yuku-codegen%2fbinding-linux-x64-gnu set size:undefined disposed:false
530 silly fetch manifest @yuku-parser/binding-darwin-arm64@0.8.7
531 silly packumentCache full:https://registry.npmjs.org/@yuku-parser%2fbinding-darwin-arm64 cache-miss
532 http fetch GET 200 https://registry.npmjs.org/@yuku-codegen%2fbinding-linux-x64-musl 67ms (cache miss)
533 silly packumentCache full:https://registry.npmjs.org/@yuku-codegen%2fbinding-linux-x64-musl set size:undefined disposed:false
534 silly fetch manifest @yuku-parser/binding-android-arm64@0.8.7
535 silly packumentCache full:https://registry.npmjs.org/@yuku-parser%2fbinding-android-arm64 cache-miss
536 http fetch GET 200 https://registry.npmjs.org/@yuku-parser%2fbinding-win32-x64 66ms (cache miss)
537 silly packumentCache full:https://registry.npmjs.org/@yuku-parser%2fbinding-win32-x64 set size:undefined disposed:false
538 silly fetch manifest @yuku-parser/binding-linux-arm-gnu@0.8.7
539 silly packumentCache full:https://registry.npmjs.org/@yuku-parser%2fbinding-linux-arm-gnu cache-miss
540 http fetch GET 200 https://registry.npmjs.org/@yuku-codegen%2fbinding-linux-arm-musl 76ms (cache miss)
541 silly packumentCache full:https://registry.npmjs.org/@yuku-codegen%2fbinding-linux-arm-musl set size:undefined disposed:false
542 silly fetch manifest @yuku-parser/binding-linux-x64-gnu@0.8.7
543 silly packumentCache full:https://registry.npmjs.org/@yuku-parser%2fbinding-linux-x64-gnu cache-miss
544 http fetch GET 200 https://registry.npmjs.org/@yuku-parser%2fbinding-darwin-x64 71ms (cache miss)
545 silly packumentCache full:https://registry.npmjs.org/@yuku-parser%2fbinding-darwin-x64 set size:undefined disposed:false
546 silly fetch manifest @yuku-parser/binding-linux-arm-musl@0.8.7
547 silly packumentCache full:https://registry.npmjs.org/@yuku-parser%2fbinding-linux-arm-musl cache-miss
548 http fetch GET 200 https://registry.npmjs.org/@yuku-codegen%2fbinding-linux-arm64-gnu 76ms (cache miss)
549 silly packumentCache full:https://registry.npmjs.org/@yuku-codegen%2fbinding-linux-arm64-gnu set size:undefined disposed:false
550 silly fetch manifest @yuku-parser/binding-linux-x64-musl@0.8.7
551 silly packumentCache full:https://registry.npmjs.org/@yuku-parser%2fbinding-linux-x64-musl cache-miss
552 http fetch GET 200 https://registry.npmjs.org/@yuku-parser%2fbinding-freebsd-x64 75ms (cache miss)
553 silly packumentCache full:https://registry.npmjs.org/@yuku-parser%2fbinding-freebsd-x64 set size:undefined disposed:false
554 silly fetch manifest @yuku-parser/binding-linux-arm64-gnu@0.8.7
555 silly packumentCache full:https://registry.npmjs.org/@yuku-parser%2fbinding-linux-arm64-gnu cache-miss
556 http fetch GET 200 https://registry.npmjs.org/@yuku-codegen%2fbinding-linux-arm64-musl 80ms (cache miss)
557 silly packumentCache full:https://registry.npmjs.org/@yuku-codegen%2fbinding-linux-arm64-musl set size:undefined disposed:false
558 silly fetch manifest @yuku-parser/binding-linux-arm64-musl@0.8.7
559 silly packumentCache full:https://registry.npmjs.org/@yuku-parser%2fbinding-linux-arm64-musl cache-miss
560 http fetch GET 200 https://registry.npmjs.org/@yuku-parser%2fbinding-win32-arm64 70ms (cache miss)
561 silly packumentCache full:https://registry.npmjs.org/@yuku-parser%2fbinding-win32-arm64 set size:undefined disposed:false
562 http fetch GET 200 https://registry.npmjs.org/@yuku-parser%2fbinding-darwin-arm64 61ms (cache miss)
563 silly packumentCache full:https://registry.npmjs.org/@yuku-parser%2fbinding-darwin-arm64 set size:undefined disposed:false
564 http fetch GET 200 https://registry.npmjs.org/@yuku-parser%2fbinding-linux-arm-gnu 73ms (cache miss)
565 silly packumentCache full:https://registry.npmjs.org/@yuku-parser%2fbinding-linux-arm-gnu set size:undefined disposed:false
566 http fetch GET 200 https://registry.npmjs.org/@yuku-parser%2fbinding-linux-x64-gnu 83ms (cache miss)
567 silly packumentCache full:https://registry.npmjs.org/@yuku-parser%2fbinding-linux-x64-gnu set size:undefined disposed:false
568 http fetch GET 200 https://registry.npmjs.org/@yuku-parser%2fbinding-linux-arm64-gnu 77ms (cache miss)
569 silly packumentCache full:https://registry.npmjs.org/@yuku-parser%2fbinding-linux-arm64-gnu set size:undefined disposed:false
570 http fetch GET 200 https://registry.npmjs.org/@yuku-parser%2fbinding-linux-x64-musl 79ms (cache miss)
571 silly packumentCache full:https://registry.npmjs.org/@yuku-parser%2fbinding-linux-x64-musl set size:undefined disposed:false
572 http fetch GET 200 https://registry.npmjs.org/@yuku-parser%2fbinding-linux-arm-musl 83ms (cache miss)
573 silly packumentCache full:https://registry.npmjs.org/@yuku-parser%2fbinding-linux-arm-musl set size:undefined disposed:false
574 http fetch GET 200 https://registry.npmjs.org/@yuku-parser%2fbinding-linux-arm64-musl 85ms (cache miss)
575 silly packumentCache full:https://registry.npmjs.org/@yuku-parser%2fbinding-linux-arm64-musl set size:undefined disposed:false
576 http fetch GET 200 https://registry.npmjs.org/@yuku-parser%2fbinding-android-arm64 269ms (cache miss)
577 silly packumentCache full:https://registry.npmjs.org/@yuku-parser%2fbinding-android-arm64 set size:undefined disposed:false
578 silly placeDep ROOT resolve-pkg-maps@1.0.0 OK for: get-tsconfig@5.0.0-beta.5 want: ^1.0.0
579 silly fetch manifest picomatch@^4.0.4
580 silly packumentCache full:https://registry.npmjs.org/picomatch cache-miss
581 http cache https://registry.npmjs.org/picomatch 9ms (cache hit)
582 silly packumentCache full:https://registry.npmjs.org/picomatch set size:128942 disposed:false
583 silly placeDep ROOT fdir@6.5.0 OK for: tinyglobby@0.2.17 want: ^6.5.0
584 silly placeDep ROOT @quansync/fs@1.0.0 OK for: unconfig-core@7.5.0 want: ^1.0.0
585 silly placeDep ROOT quansync@1.0.0 OK for: unconfig-core@7.5.0 want: ^1.0.0
586 silly placeDep ROOT @yuku-toolchain/types@0.8.7 OK for: yuku-ast@0.8.7 want: ^0.8.7
587 silly placeDep ROOT @yuku-codegen/binding-android-arm64@0.8.7 OK for: yuku-codegen@0.8.7 want: 0.8.7
588 silly placeDep ROOT @yuku-codegen/binding-darwin-arm64@0.8.7 OK for: yuku-codegen@0.8.7 want: 0.8.7
589 silly placeDep ROOT @yuku-codegen/binding-darwin-x64@0.8.7 OK for: yuku-codegen@0.8.7 want: 0.8.7
590 silly placeDep ROOT @yuku-codegen/binding-freebsd-x64@0.8.7 OK for: yuku-codegen@0.8.7 want: 0.8.7
591 silly placeDep ROOT @yuku-codegen/binding-linux-arm-gnu@0.8.7 OK for: yuku-codegen@0.8.7 want: 0.8.7
592 silly placeDep ROOT @yuku-codegen/binding-linux-arm-musl@0.8.7 OK for: yuku-codegen@0.8.7 want: 0.8.7
593 silly placeDep ROOT @yuku-codegen/binding-linux-arm64-gnu@0.8.7 OK for: yuku-codegen@0.8.7 want: 0.8.7
594 silly placeDep ROOT @yuku-codegen/binding-linux-arm64-musl@0.8.7 OK for: yuku-codegen@0.8.7 want: 0.8.7
595 silly placeDep ROOT @yuku-codegen/binding-linux-x64-gnu@0.8.7 OK for: yuku-codegen@0.8.7 want: 0.8.7
596 silly placeDep ROOT @yuku-codegen/binding-linux-x64-musl@0.8.7 OK for: yuku-codegen@0.8.7 want: 0.8.7
597 silly placeDep ROOT @yuku-codegen/binding-win32-arm64@0.8.7 OK for: yuku-codegen@0.8.7 want: 0.8.7
598 silly placeDep ROOT @yuku-codegen/binding-win32-x64@0.8.7 OK for: yuku-codegen@0.8.7 want: 0.8.7
599 silly placeDep ROOT @yuku-parser/binding-android-arm64@0.8.7 OK for: yuku-parser@0.8.7 want: 0.8.7
600 silly placeDep ROOT @yuku-parser/binding-darwin-arm64@0.8.7 OK for: yuku-parser@0.8.7 want: 0.8.7
601 silly placeDep ROOT @yuku-parser/binding-darwin-x64@0.8.7 OK for: yuku-parser@0.8.7 want: 0.8.7
602 silly placeDep ROOT @yuku-parser/binding-freebsd-x64@0.8.7 OK for: yuku-parser@0.8.7 want: 0.8.7
603 silly placeDep ROOT @yuku-parser/binding-linux-arm-gnu@0.8.7 OK for: yuku-parser@0.8.7 want: 0.8.7
604 silly placeDep ROOT @yuku-parser/binding-linux-arm-musl@0.8.7 OK for: yuku-parser@0.8.7 want: 0.8.7
605 silly placeDep ROOT @yuku-parser/binding-linux-arm64-gnu@0.8.7 OK for: yuku-parser@0.8.7 want: 0.8.7
606 silly placeDep ROOT @yuku-parser/binding-linux-arm64-musl@0.8.7 OK for: yuku-parser@0.8.7 want: 0.8.7
607 silly placeDep ROOT @yuku-parser/binding-linux-x64-gnu@0.8.7 OK for: yuku-parser@0.8.7 want: 0.8.7
608 silly placeDep ROOT @yuku-parser/binding-linux-x64-musl@0.8.7 OK for: yuku-parser@0.8.7 want: 0.8.7
609 silly placeDep ROOT @yuku-parser/binding-win32-arm64@0.8.7 OK for: yuku-parser@0.8.7 want: 0.8.7
610 silly placeDep ROOT @yuku-parser/binding-win32-x64@0.8.7 OK for: yuku-parser@0.8.7 want: 0.8.7
611 silly reify moves {}
612 http cache @yuku-parser/binding-darwin-arm64@https://registry.npmjs.org/@yuku-parser/binding-darwin-arm64/-/binding-darwin-arm64-0.8.7.tgz 0ms (cache hit)
613 http cache @quansync/fs@https://registry.npmjs.org/@quansync/fs/-/fs-1.0.0.tgz 0ms (cache hit)
614 http cache @yuku-codegen/binding-darwin-arm64@https://registry.npmjs.org/@yuku-codegen/binding-darwin-arm64/-/binding-darwin-arm64-0.8.7.tgz 0ms (cache hit)
615 http cache fdir@https://registry.npmjs.org/fdir/-/fdir-6.5.0.tgz 0ms (cache hit)
616 http cache resolve-pkg-maps@https://registry.npmjs.org/resolve-pkg-maps/-/resolve-pkg-maps-1.0.0.tgz 0ms (cache hit)
617 http cache yuku-codegen@https://registry.npmjs.org/yuku-codegen/-/yuku-codegen-0.8.7.tgz 0ms (cache hit)
618 http cache yuku-parser@https://registry.npmjs.org/yuku-parser/-/yuku-parser-0.8.7.tgz 0ms (cache hit)
619 http cache @yuku-toolchain/types@https://registry.npmjs.org/@yuku-toolchain/types/-/types-0.8.7.tgz 0ms (cache hit)
620 http cache yuku-ast@https://registry.npmjs.org/yuku-ast/-/yuku-ast-0.8.7.tgz 0ms (cache hit)
621 http cache dts-resolver@https://registry.npmjs.org/dts-resolver/-/dts-resolver-3.0.0.tgz 0ms (cache hit)
622 http cache @rolldown/pluginutils@https://registry.npmjs.org/@rolldown/pluginutils/-/pluginutils-1.0.1.tgz 0ms (cache hit)
623 http cache quansync@https://registry.npmjs.org/quansync/-/quansync-1.0.0.tgz 0ms (cache hit)
624 http cache @rolldown/binding-darwin-arm64@https://registry.npmjs.org/@rolldown/binding-darwin-arm64/-/binding-darwin-arm64-1.2.4.tgz 0ms (cache hit)
625 http cache @oxc-project/types@https://registry.npmjs.org/@oxc-project/types/-/types-0.144.0.tgz 0ms (cache hit)
626 http cache unconfig-core@https://registry.npmjs.org/unconfig-core/-/unconfig-core-7.5.0.tgz 0ms (cache hit)
627 http cache tinyglobby@https://registry.npmjs.org/tinyglobby/-/tinyglobby-0.2.17.tgz 0ms (cache hit)
628 http cache tinyexec@https://registry.npmjs.org/tinyexec/-/tinyexec-1.3.0.tgz 0ms (cache hit)
629 http cache rolldown-plugin-dts@https://registry.npmjs.org/rolldown-plugin-dts/-/rolldown-plugin-dts-0.27.14.tgz 0ms (cache hit)
630 http cache verkit@https://registry.npmjs.org/verkit/-/verkit-0.3.2.tgz 0ms (cache hit)
631 http cache picomatch@https://registry.npmjs.org/picomatch/-/picomatch-4.0.5.tgz 0ms (cache hit)
632 http cache get-tsconfig@https://registry.npmjs.org/get-tsconfig/-/get-tsconfig-5.0.0-beta.5.tgz 0ms (cache hit)
633 http cache tree-kill@https://registry.npmjs.org/tree-kill/-/tree-kill-1.2.2.tgz 0ms (cache hit)
634 http cache import-without-cache@https://registry.npmjs.org/import-without-cache/-/import-without-cache-0.4.0.tgz 0ms (cache hit)
635 http cache hookable@https://registry.npmjs.org/hookable/-/hookable-6.1.1.tgz 0ms (cache hit)
636 http cache defu@https://registry.npmjs.org/defu/-/defu-6.1.7.tgz 0ms (cache hit)
637 http cache empathic@https://registry.npmjs.org/empathic/-/empathic-2.0.1.tgz 0ms (cache hit)
638 http cache ansis@https://registry.npmjs.org/ansis/-/ansis-4.3.1.tgz 0ms (cache hit)
639 http cache cac@https://registry.npmjs.org/cac/-/cac-7.0.0.tgz 0ms (cache hit)
640 http cache lightningcss-darwin-arm64@https://registry.npmjs.org/lightningcss-darwin-arm64/-/lightningcss-darwin-arm64-1.33.0.tgz 0ms (cache hit)
641 http cache lightningcss@https://registry.npmjs.org/lightningcss/-/lightningcss-1.33.0.tgz 0ms (cache hit)
642 http cache obug@https://registry.npmjs.org/obug/-/obug-2.1.4.tgz 0ms (cache hit)
643 http cache detect-libc@https://registry.npmjs.org/detect-libc/-/detect-libc-2.1.2.tgz 0ms (cache hit)
644 http cache tsdown@https://registry.npmjs.org/tsdown/-/tsdown-0.22.14.tgz 0ms (cache hit)
645 http cache rolldown@https://registry.npmjs.org/rolldown/-/rolldown-1.2.4.tgz 0ms (cache hit)
646 silly tarball no local data for @yuku-parser/binding-darwin-arm64@https://registry.npmjs.org/@yuku-parser/binding-darwin-arm64/-/binding-darwin-arm64-0.8.7.tgz. Extracting by manifest.
647 silly tarball no local data for @quansync/fs@https://registry.npmjs.org/@quansync/fs/-/fs-1.0.0.tgz. Extracting by manifest.
648 silly tarball no local data for @yuku-codegen/binding-darwin-arm64@https://registry.npmjs.org/@yuku-codegen/binding-darwin-arm64/-/binding-darwin-arm64-0.8.7.tgz. Extracting by manifest.
649 silly tarball no local data for fdir@https://registry.npmjs.org/fdir/-/fdir-6.5.0.tgz. Extracting by manifest.
650 silly tarball no local data for resolve-pkg-maps@https://registry.npmjs.org/resolve-pkg-maps/-/resolve-pkg-maps-1.0.0.tgz. Extracting by manifest.
651 silly tarball no local data for yuku-codegen@https://registry.npmjs.org/yuku-codegen/-/yuku-codegen-0.8.7.tgz. Extracting by manifest.
652 silly tarball no local data for yuku-parser@https://registry.npmjs.org/yuku-parser/-/yuku-parser-0.8.7.tgz. Extracting by manifest.
653 silly tarball no local data for @yuku-toolchain/types@https://registry.npmjs.org/@yuku-toolchain/types/-/types-0.8.7.tgz. Extracting by manifest.
654 silly tarball no local data for yuku-ast@https://registry.npmjs.org/yuku-ast/-/yuku-ast-0.8.7.tgz. Extracting by manifest.
655 silly tarball no local data for dts-resolver@https://registry.npmjs.org/dts-resolver/-/dts-resolver-3.0.0.tgz. Extracting by manifest.
656 silly tarball no local data for @rolldown/pluginutils@https://registry.npmjs.org/@rolldown/pluginutils/-/pluginutils-1.0.1.tgz. Extracting by manifest.
657 silly tarball no local data for quansync@https://registry.npmjs.org/quansync/-/quansync-1.0.0.tgz. Extracting by manifest.
658 silly tarball no local data for @rolldown/binding-darwin-arm64@https://registry.npmjs.org/@rolldown/binding-darwin-arm64/-/binding-darwin-arm64-1.2.4.tgz. Extracting by manifest.
659 silly tarball no local data for @oxc-project/types@https://registry.npmjs.org/@oxc-project/types/-/types-0.144.0.tgz. Extracting by manifest.
660 silly tarball no local data for unconfig-core@https://registry.npmjs.org/unconfig-core/-/unconfig-core-7.5.0.tgz. Extracting by manifest.
661 silly tarball no local data for tinyglobby@https://registry.npmjs.org/tinyglobby/-/tinyglobby-0.2.17.tgz. Extracting by manifest.
662 silly tarball no local data for tinyexec@https://registry.npmjs.org/tinyexec/-/tinyexec-1.3.0.tgz. Extracting by manifest.
663 silly tarball no local data for rolldown-plugin-dts@https://registry.npmjs.org/rolldown-plugin-dts/-/rolldown-plugin-dts-0.27.14.tgz. Extracting by manifest.
664 silly tarball no local data for verkit@https://registry.npmjs.org/verkit/-/verkit-0.3.2.tgz. Extracting by manifest.
665 silly tarball no local data for picomatch@https://registry.npmjs.org/picomatch/-/picomatch-4.0.5.tgz. Extracting by manifest.
666 silly tarball no local data for get-tsconfig@https://registry.npmjs.org/get-tsconfig/-/get-tsconfig-5.0.0-beta.5.tgz. Extracting by manifest.
667 silly tarball no local data for tree-kill@https://registry.npmjs.org/tree-kill/-/tree-kill-1.2.2.tgz. Extracting by manifest.
668 silly tarball no local data for import-without-cache@https://registry.npmjs.org/import-without-cache/-/import-without-cache-0.4.0.tgz. Extracting by manifest.
669 silly tarball no local data for hookable@https://registry.npmjs.org/hookable/-/hookable-6.1.1.tgz. Extracting by manifest.
670 silly tarball no local data for defu@https://registry.npmjs.org/defu/-/defu-6.1.7.tgz. Extracting by manifest.
671 silly tarball no local data for empathic@https://registry.npmjs.org/empathic/-/empathic-2.0.1.tgz. Extracting by manifest.
672 silly tarball no local data for ansis@https://registry.npmjs.org/ansis/-/ansis-4.3.1.tgz. Extracting by manifest.
673 silly tarball no local data for cac@https://registry.npmjs.org/cac/-/cac-7.0.0.tgz. Extracting by manifest.
674 silly tarball no local data for lightningcss-darwin-arm64@https://registry.npmjs.org/lightningcss-darwin-arm64/-/lightningcss-darwin-arm64-1.33.0.tgz. Extracting by manifest.
675 silly tarball no local data for lightningcss@https://registry.npmjs.org/lightningcss/-/lightningcss-1.33.0.tgz. Extracting by manifest.
676 silly tarball no local data for obug@https://registry.npmjs.org/obug/-/obug-2.1.4.tgz. Extracting by manifest.
677 silly tarball no local data for detect-libc@https://registry.npmjs.org/detect-libc/-/detect-libc-2.1.2.tgz. Extracting by manifest.
678 silly tarball no local data for tsdown@https://registry.npmjs.org/tsdown/-/tsdown-0.22.14.tgz. Extracting by manifest.
679 silly tarball no local data for rolldown@https://registry.npmjs.org/rolldown/-/rolldown-1.2.4.tgz. Extracting by manifest.
680 http fetch GET 200 https://registry.npmjs.org/yuku-codegen/-/yuku-codegen-0.8.7.tgz 72ms (cache miss)
681 http fetch GET 200 https://registry.npmjs.org/yuku-ast/-/yuku-ast-0.8.7.tgz 71ms (cache miss)
682 http fetch GET 200 https://registry.npmjs.org/resolve-pkg-maps/-/resolve-pkg-maps-1.0.0.tgz 72ms (cache miss)
683 http fetch GET 200 https://registry.npmjs.org/yuku-parser/-/yuku-parser-0.8.7.tgz 73ms (cache miss)
684 http fetch GET 200 https://registry.npmjs.org/fdir/-/fdir-6.5.0.tgz 73ms (cache miss)
685 http fetch GET 200 https://registry.npmjs.org/@quansync/fs/-/fs-1.0.0.tgz 74ms (cache miss)
686 http fetch GET 200 https://registry.npmjs.org/@yuku-toolchain/types/-/types-0.8.7.tgz 86ms (cache miss)
687 http fetch GET 200 https://registry.npmjs.org/tinyglobby/-/tinyglobby-0.2.17.tgz 107ms (cache miss)
688 http fetch GET 200 https://registry.npmjs.org/tinyexec/-/tinyexec-1.3.0.tgz 110ms (cache miss)
689 http fetch GET 200 https://registry.npmjs.org/picomatch/-/picomatch-4.0.5.tgz 116ms (cache miss)
690 http fetch GET 200 https://registry.npmjs.org/rolldown-plugin-dts/-/rolldown-plugin-dts-0.27.14.tgz 118ms (cache miss)
691 http fetch GET 200 https://registry.npmjs.org/get-tsconfig/-/get-tsconfig-5.0.0-beta.5.tgz 121ms (cache miss)
692 http fetch GET 200 https://registry.npmjs.org/verkit/-/verkit-0.3.2.tgz 121ms (cache miss)
693 http fetch GET 200 https://registry.npmjs.org/@yuku-codegen/binding-darwin-arm64/-/binding-darwin-arm64-0.8.7.tgz 131ms (cache miss)
694 http fetch GET 200 https://registry.npmjs.org/tree-kill/-/tree-kill-1.2.2.tgz 138ms (cache miss)
695 http fetch GET 200 https://registry.npmjs.org/import-without-cache/-/import-without-cache-0.4.0.tgz 158ms (cache miss)
696 http fetch GET 200 https://registry.npmjs.org/hookable/-/hookable-6.1.1.tgz 161ms (cache miss)
697 http fetch GET 200 https://registry.npmjs.org/defu/-/defu-6.1.7.tgz 166ms (cache miss)
698 http fetch GET 200 https://registry.npmjs.org/ansis/-/ansis-4.3.1.tgz 175ms (cache miss)
699 http fetch GET 200 https://registry.npmjs.org/empathic/-/empathic-2.0.1.tgz 177ms (cache miss)
700 http fetch GET 200 https://registry.npmjs.org/quansync/-/quansync-1.0.0.tgz 182ms (cache miss)
701 http fetch GET 200 https://registry.npmjs.org/dts-resolver/-/dts-resolver-3.0.0.tgz 184ms (cache miss)
702 http fetch GET 200 https://registry.npmjs.org/cac/-/cac-7.0.0.tgz 181ms (cache miss)
703 http fetch GET 200 https://registry.npmjs.org/unconfig-core/-/unconfig-core-7.5.0.tgz 195ms (cache miss)
704 http fetch GET 200 https://registry.npmjs.org/@oxc-project/types/-/types-0.144.0.tgz 200ms (cache miss)
705 http fetch GET 200 https://registry.npmjs.org/lightningcss/-/lightningcss-1.33.0.tgz 198ms (cache miss)
706 http fetch GET 200 https://registry.npmjs.org/@yuku-parser/binding-darwin-arm64/-/binding-darwin-arm64-0.8.7.tgz 205ms (cache miss)
707 http fetch GET 200 https://registry.npmjs.org/@rolldown/pluginutils/-/pluginutils-1.0.1.tgz 208ms (cache miss)
708 http fetch GET 200 https://registry.npmjs.org/detect-libc/-/detect-libc-2.1.2.tgz 206ms (cache miss)
709 http fetch GET 200 https://registry.npmjs.org/obug/-/obug-2.1.4.tgz 208ms (cache miss)
710 http fetch GET 200 https://registry.npmjs.org/tsdown/-/tsdown-0.22.14.tgz 233ms (cache miss)
711 http fetch GET 200 https://registry.npmjs.org/rolldown/-/rolldown-1.2.4.tgz 249ms (cache miss)
712 http fetch GET 200 https://registry.npmjs.org/lightningcss-darwin-arm64/-/lightningcss-darwin-arm64-1.33.0.tgz 263ms (cache miss)
713 http fetch GET 200 https://registry.npmjs.org/@rolldown/binding-darwin-arm64/-/binding-darwin-arm64-1.2.4.tgz 471ms (cache miss)
714 silly ADD node_modules/@yuku-parser/binding-darwin-arm64
715 silly ADD node_modules/@yuku-codegen/binding-darwin-arm64
716 silly ADD node_modules/@yuku-toolchain/types
717 silly ADD node_modules/quansync
718 silly ADD node_modules/@quansync/fs
719 silly ADD node_modules/fdir
720 silly ADD node_modules/resolve-pkg-maps
721 silly ADD node_modules/yuku-parser
722 silly ADD node_modules/yuku-codegen
723 silly ADD node_modules/yuku-ast
724 silly ADD node_modules/get-tsconfig
725 silly ADD node_modules/dts-resolver
726 silly ADD node_modules/@rolldown/pluginutils
727 silly ADD node_modules/@rolldown/binding-darwin-arm64
728 silly ADD node_modules/@oxc-project/types
729 silly ADD node_modules/verkit
730 silly ADD node_modules/unconfig-core
731 silly ADD node_modules/tree-kill
732 silly ADD node_modules/tinyglobby
733 silly ADD node_modules/tinyexec
734 silly ADD node_modules/rolldown-plugin-dts
735 silly ADD node_modules/rolldown
736 silly ADD node_modules/picomatch
737 silly ADD node_modules/obug
738 silly ADD node_modules/import-without-cache
739 silly ADD node_modules/hookable
740 silly ADD node_modules/empathic
741 silly ADD node_modules/defu
742 silly ADD node_modules/cac
743 silly ADD node_modules/ansis
744 silly ADD node_modules/lightningcss-darwin-arm64
745 silly ADD node_modules/detect-libc
746 silly ADD node_modules/tsdown
747 silly ADD node_modules/lightningcss
748 verbose cwd /Users/ryan/Desktop/AI手链项目/telos-demo_副本/dsh-niu-lai
749 verbose os Darwin 25.5.0
750 verbose node v26.4.0
751 verbose npm  v11.17.0
752 notice
752 notice New major version of npm available! 11.17.0 -> 12.0.2
752 notice Changelog: https://github.com/npm/cli/releases/tag/v12.0.2
752 notice To update run: npm install -g npm@12.0.2
752 notice  { force: true, Symbol(proc-log.meta): true }
753 verbose exit 0
754 info ok
